/usr/local/lib/python3.10/dist-packages/os_ken/lib/hub.py:30: EventletDeprecationWarning: 
Eventlet is deprecated. It is currently being maintained in bugfix mode, and
we strongly recommend against using it for new projects.

If you are already using Eventlet, we recommend migrating to a different
framework.  For more detail see
https://eventlet.readthedocs.io/en/latest/asyncio/migration.html

  import eventlet
1 RLock(s) were not greened, to fix this error make sure you run eventlet.monkey_patch() before importing any other modules.
loading app telemetry/telemetry_collector.py
loading app os_ken.controller.ofp_handler
instantiating app telemetry/telemetry_collector.py of LinkTelemetryCollector
instantiating app os_ken.controller.ofp_handler of OFPHandler
Partial OpenFlow stats for L2: ep_count=1 expected=2
Partial OpenFlow stats for L2: ep_count=1 expected=2
Partial OpenFlow stats for L2: ep_count=1 expected=2
Partial OpenFlow stats for L2: ep_count=1 expected=2
Partial OpenFlow stats for L2: ep_count=1 expected=2
Partial OpenFlow stats for L2: ep_count=1 expected=2
Partial OpenFlow stats for L2: ep_count=1 expected=2
Partial OpenFlow stats for L2: ep_count=1 expected=2
Partial OpenFlow stats for L2: ep_count=1 expected=2
Partial OpenFlow stats for L2: ep_count=1 expected=2
Partial OpenFlow stats for L2: ep_count=1 expected=2
Partial OpenFlow stats for L2: ep_count=1 expected=2
Partial OpenFlow stats for L2: ep_count=1 expected=2
Partial OpenFlow stats for L2: ep_count=1 expected=2
Partial OpenFlow stats for L2: ep_count=1 expected=2
Partial OpenFlow stats for L2: ep_count=1 expected=2
Partial OpenFlow stats for L2: ep_count=1 expected=2
Partial OpenFlow stats for L2: ep_count=1 expected=2
Partial OpenFlow stats for L2: ep_count=1 expected=2
Partial OpenFlow stats for L2: ep_count=1 expected=2
Partial OpenFlow stats for L2: ep_count=1 expected=2
Partial OpenFlow stats for L2: ep_count=1 expected=2
